{
    "human - paired_end_bam - bqsr_disabled": {
        "content": [
            {
                "0": [
                    
                ],
                "1": [
                    
                ],
                "bam_bai": [
                    
                ],
                "versions": [
                    
                ]
            }
        ],
        "meta": {
            "nf-test": "0.9.2",
            "nextflow": "25.04.6"
        },
        "timestamp": "2025-08-28T18:04:39.958305883"
    },
    "human - paired_end_bam - bqsr_enabled": {
        "content": [
            {
                "0": [
                    
                ],
                "1": [
                    
                ],
                "bam_bai": [
                    
                ],
                "versions": [
                    
                ]
            }
        ],
        "meta": {
            "nf-test": "0.9.2",
            "nextflow": "25.04.6"
        },
        "timestamp": "2025-08-28T18:04:33.684777277"
    }
}